[0416/224125.725:ERROR:gpu_init.cc(426)] Passthrough is not supported, GL is disabled
[0416/224448.111:WARNING:angle_platform_impl.cc(48)] HLSLCompiler.cpp:257 (compileToBinary): 
C:\fakepath(102,1-6): warning X4000: use of potentially uninitialized variable (dyn_index_vec4_float4)

[0416/224448.305:WARNING:angle_platform_impl.cc(48)] HLSLCompiler.cpp:257 (compileToBinary): 
C:\fakepath(135,1): warning X4000: use of potentially uninitialized variable (f_i)
C:\fakepath(137,1): warning X4000: use of potentially uninitialized variable (f_i)
C:\fakepath(173,1): warning X4000: use of potentially uninitialized variable (f_u)

[0416/224448.511:WARNING:angle_platform_impl.cc(48)] HLSLCompiler.cpp:257 (compileToBinary): 
C:\fakepath(165,1): warning X4000: use of potentially uninitialized variable (f_renderMipMapLevel)

[0416/224448.517:WARNING:angle_platform_impl.cc(48)] HLSLCompiler.cpp:257 (compileToBinary): 
C:\fakepath(165,1): warning X4000: use of potentially uninitialized variable (f_renderMipMapLevel)

[0416/224448.526:WARNING:angle_platform_impl.cc(48)] HLSLCompiler.cpp:257 (compileToBinary): 
C:\fakepath(165,1): warning X4000: use of potentially uninitialized variable (f_renderMipMapLevel)

[0416/224448.540:WARNING:angle_platform_impl.cc(48)] HLSLCompiler.cpp:257 (compileToBinary): 
C:\fakepath(165,1): warning X4000: use of potentially uninitialized variable (f_renderMipMapLevel)

[0416/224448.898:ERROR:gl_utils.cc(314)] [.WebGL-0000031EA6D4E700] GL_INVALID_OPERATION: Two textures of different types use the same sampler location.
[0416/224448.898:ERROR:gl_utils.cc(314)] [.WebGL-0000031EA6D4E700] GL_INVALID_OPERATION: Two textures of different types use the same sampler location.
[0416/224448.909:ERROR:gl_utils.cc(314)] [.WebGL-0000031EA6D4E700] GL_INVALID_OPERATION: Two textures of different types use the same sampler location.
[0416/224448.914:ERROR:gl_utils.cc(314)] [.WebGL-0000031EA6D4E700] GL_INVALID_OPERATION: Two textures of different types use the same sampler location.
[0416/224448.914:ERROR:gl_utils.cc(314)] [.WebGL-0000031EA6D4E700] GL_INVALID_OPERATION: Two textures of different types use the same sampler location.
[0416/224448.914:ERROR:gl_utils.cc(314)] [.WebGL-0000031EA6D4E700] GL_INVALID_OPERATION: Two textures of different types use the same sampler location.
