[0416/233042.293:ERROR:entry_impl.cc(1075)] No file for 8000164b
[0416/233042.294:ERROR:entry_impl.cc(1075)] No file for 8000164d
[0416/233042.294:ERROR:entry_impl.cc(1075)] No file for 80001244
[0416/233043.162:ERROR:entry_impl.cc(1075)] No file for 80001173
[0416/233043.163:ERROR:entry_impl.cc(1075)] No file for 80001122
[0416/233043.163:ERROR:entry_impl.cc(1075)] No file for 80001123
[0416/233043.163:ERROR:entry_impl.cc(1075)] No file for 80001124
[0416/233043.955:ERROR:entry_impl.cc(1075)] No file for 800012f3
[0416/233045.214:ERROR:entry_impl.cc(1075)] No file for 8000141f
[0416/233045.214:ERROR:entry_impl.cc(1075)] No file for 80001673
[0416/233052.060:ERROR:entry_impl.cc(1075)] No file for 8000141d
[0416/233052.065:ERROR:entry_impl.cc(1075)] No file for 8000142f
[0416/233052.065:ERROR:entry_impl.cc(1075)] No file for 8000142c
[0416/233052.065:ERROR:entry_impl.cc(1075)] No file for 800017c9
[0416/233052.715:ERROR:entry_impl.cc(1075)] No file for 800013e9
[0416/233052.716:ERROR:entry_impl.cc(1075)] No file for 80001416
[0416/233052.716:ERROR:entry_impl.cc(1075)] No file for 8000139e
[0416/233054.141:ERROR:entry_impl.cc(1075)] No file for 80001447
[0416/233054.141:ERROR:entry_impl.cc(1075)] No file for 800013ef
[0416/233054.142:ERROR:entry_impl.cc(1075)] No file for 800013a4
[0416/233128.395:ERROR:gpu_init.cc(426)] Passthrough is not supported, GL is disabled
[0416/233245.930:ERROR:entry_impl.cc(1075)] No file for 800011c1
[0416/233252.062:ERROR:entry_impl.cc(1075)] No file for 800017c1
[0416/233252.063:ERROR:entry_impl.cc(1075)] No file for 80001458
[0416/233252.065:ERROR:entry_impl.cc(1075)] No file for 80001426
[0416/233252.066:ERROR:entry_impl.cc(1075)] No file for 800013cd
[0416/233252.067:ERROR:entry_impl.cc(1075)] No file for 8000145f
[0416/233252.654:ERROR:entry_impl.cc(1075)] No file for 80001487
[0416/233254.377:ERROR:entry_impl.cc(1075)] No file for 80001425
[0416/233254.377:ERROR:entry_impl.cc(1075)] No file for 8000133e
[0416/233258.378:ERROR:entry_impl.cc(1075)] No file for 8000143f
[0416/233258.378:ERROR:entry_impl.cc(1075)] No file for 8000145d
[0416/233259.073:ERROR:entry_impl.cc(1075)] No file for 80001490
[0416/233259.073:ERROR:entry_impl.cc(1075)] No file for 800013da
[0416/233259.074:ERROR:entry_impl.cc(1075)] No file for 80001495
[0416/233501.140:ERROR:entry_impl.cc(1075)] No file for 800013b5
[0416/233501.140:ERROR:entry_impl.cc(1075)] No file for 800014e5
[0416/234949.350:WARNING:angle_platform_impl.cc(48)] HLSLCompiler.cpp:257 (compileToBinary): 
C:\fakepath(102,1-6): warning X4000: use of potentially uninitialized variable (dyn_index_vec4_float4)

[0416/234949.483:WARNING:angle_platform_impl.cc(48)] HLSLCompiler.cpp:257 (compileToBinary): 
C:\fakepath(135,1): warning X4000: use of potentially uninitialized variable (f_i)
C:\fakepath(137,1): warning X4000: use of potentially uninitialized variable (f_i)
C:\fakepath(173,1): warning X4000: use of potentially uninitialized variable (f_u)

[0416/234949.701:WARNING:angle_platform_impl.cc(48)] HLSLCompiler.cpp:257 (compileToBinary): 
C:\fakepath(165,1): warning X4000: use of potentially uninitialized variable (f_renderMipMapLevel)

[0416/234949.710:WARNING:angle_platform_impl.cc(48)] HLSLCompiler.cpp:257 (compileToBinary): 
C:\fakepath(165,1): warning X4000: use of potentially uninitialized variable (f_renderMipMapLevel)

[0416/234949.713:WARNING:angle_platform_impl.cc(48)] HLSLCompiler.cpp:257 (compileToBinary): 
C:\fakepath(165,1): warning X4000: use of potentially uninitialized variable (f_renderMipMapLevel)

[0416/234949.722:WARNING:angle_platform_impl.cc(48)] HLSLCompiler.cpp:257 (compileToBinary): 
C:\fakepath(165,1): warning X4000: use of potentially uninitialized variable (f_renderMipMapLevel)

[0416/234950.117:ERROR:gl_utils.cc(314)] [.WebGL-000005EC25950100] GL_INVALID_OPERATION: Two textures of different types use the same sampler location.
[0416/234950.117:ERROR:gl_utils.cc(314)] [.WebGL-000005EC25950100] GL_INVALID_OPERATION: Two textures of different types use the same sampler location.
[0416/234950.117:ERROR:gl_utils.cc(314)] [.WebGL-000005EC25950100] GL_INVALID_OPERATION: Two textures of different types use the same sampler location.
[0416/234950.147:ERROR:gl_utils.cc(314)] [.WebGL-000005EC25950100] GL_INVALID_OPERATION: Two textures of different types use the same sampler location.
[0416/234950.147:ERROR:gl_utils.cc(314)] [.WebGL-000005EC25950100] GL_INVALID_OPERATION: Two textures of different types use the same sampler location.
[0416/234950.147:ERROR:gl_utils.cc(314)] [.WebGL-000005EC25950100] GL_INVALID_OPERATION: Two textures of different types use the same sampler location.
