[+] Containers:
 |- [+] Container: /Game/ThirdPerson/Maps/ThirdPersonMap
 |   |- [+] ActorDescs:
 |   |   |- Guid:1129850B44BCEA2CF01EAC95897AB534 NativeClass:/Script/Engine.StaticMeshActor Name:StaticMeshActor_UAID_BC0FF35D1E0F64BD02_2012811685 Label:SM_Cube3 SpatiallyLoaded:true EditorBounds:IsValid=true, Min=(X=0.000 Y=3500.000 Z=-50.000), Max=(X=3000.000 Y=7000.000 Z=0.000) RuntimeBounds:IsValid=true, Min=(X=0.000 Y=3500.000 Z=-50.000), Max=(X=3000.000 Y=7000.000 Z=0.000) RuntimeGrid:None EditorOnly:false RuntimeOnly:false HLODRelevant:true ListedInSceneOutliner:true IsMainWorldOnly:false FolderPath:Playground FolderGuid:C73F09FC4215536B1DCE2A9E0A830C70
 |   |   |- Guid:1C904C2D49899237401CA58477C87F58 NativeClass:/Script/Engine.StaticMeshActor Name:StaticMeshActor_UAID_BC0FF35D1E0F64BD02_2012813686 Label:SM_Cube4 SpatiallyLoaded:true EditorBounds:IsValid=true, Min=(X=3000.000 Y=3500.000 Z=-50.000), Max=(X=6000.000 Y=7000.000 Z=0.000) RuntimeBounds:IsValid=true, Min=(X=3000.000 Y=3500.000 Z=-50.000), Max=(X=6000.000 Y=7000.000 Z=0.000) RuntimeGrid:None EditorOnly:false RuntimeOnly:false HLODRelevant:true ListedInSceneOutliner:true IsMainWorldOnly:false FolderPath:Playground FolderGuid:C73F09FC4215536B1DCE2A9E0A830C70
 |   |   |- Guid:2FB58999456391D349DC0F86DAC136ED NativeClass:/Script/Engine.SkyLight Name:SkyLight_1 Label:SkyLight SpatiallyLoaded:false EditorBounds:IsValid=true, Min=(X=0.000 Y=0.000 Z=690.000), Max=(X=0.000 Y=0.000 Z=690.000) RuntimeBounds:IsValid=true, Min=(X=0.000 Y=0.000 Z=690.000), Max=(X=0.000 Y=0.000 Z=690.000) RuntimeGrid:None EditorOnly:false RuntimeOnly:false HLODRelevant:false ListedInSceneOutliner:true IsMainWorldOnly:false FolderPath:Lighting FolderGuid:963EC3EB4002CCE9759E2EBA541A873A
 |   |   |- Guid:316CF2A6494ACA4C0E4180A87D36AB8F NativeClass:/Script/Engine.ExponentialHeightFog Name:ExponentialHeightFog_0 Label:ExponentialHeightFog SpatiallyLoaded:false EditorBounds:IsValid=true, Min=(X=-5600.000 Y=-50.000 Z=-6850.000), Max=(X=-5600.000 Y=-50.000 Z=-6850.000) RuntimeBounds:IsValid=true, Min=(X=-5600.000 Y=-50.000 Z=-6850.000), Max=(X=-5600.000 Y=-50.000 Z=-6850.000) RuntimeGrid:None EditorOnly:false RuntimeOnly:false HLODRelevant:false ListedInSceneOutliner:true IsMainWorldOnly:false FolderPath:Lighting FolderGuid:963EC3EB4002CCE9759E2EBA541A873A
 |   |   |- Guid:3A00AA1C422CE54C0BDB60BAF471BFBB NativeClass:/Script/Engine.PlayerStart Name:PlayerStart_0 Label:PlayerStart SpatiallyLoaded:false EditorBounds:IsValid=true, Min=(X=932.000 Y=3362.000 Z=-15.987), Max=(X=1300.000 Y=3618.000 Z=240.013) RuntimeBounds:IsValid=true, Min=(X=1020.000 Y=3450.000 Z=20.013), Max=(X=1100.000 Y=3530.000 Z=204.013) RuntimeGrid:None EditorOnly:false RuntimeOnly:false HLODRelevant:false ListedInSceneOutliner:true IsMainWorldOnly:false
 |   |   |- Guid:3F3DB5B744AF92573B92E6BB2054650B BaseClass:/Game/FHOU/BP_Collectable.BP_Collectable_C NativeClass:/Script/Engine.Actor Name:BP_Collectable_C_UAID_2CF05D891EB6E2C102_2068343088 Label:BP_Collectable8 SpatiallyLoaded:true EditorBounds:IsValid=true, Min=(X=1498.000 Y=4078.000 Z=28.000), Max=(X=1562.000 Y=4142.000 Z=92.000) RuntimeBounds:IsValid=true, Min=(X=1498.000 Y=4078.000 Z=28.000), Max=(X=1562.000 Y=4142.000 Z=92.000) RuntimeGrid:None EditorOnly:false RuntimeOnly:false HLODRelevant:false ListedInSceneOutliner:true IsMainWorldOnly:false
 |   |   |- Guid:4D3BE93F4146AAAC8BBE79999D96D57F NativeClass:/Script/Engine.VolumetricCloud Name:VolumetricCloud_0 Label:VolumetricCloud SpatiallyLoaded:false EditorBounds:IsValid=true, Min=(X=0.000 Y=0.000 Z=820.000), Max=(X=0.000 Y=0.000 Z=820.000) RuntimeBounds:IsValid=true, Min=(X=0.000 Y=0.000 Z=820.000), Max=(X=0.000 Y=0.000 Z=820.000) RuntimeGrid:None EditorOnly:false RuntimeOnly:false HLODRelevant:false ListedInSceneOutliner:true IsMainWorldOnly:false FolderPath:Lighting FolderGuid:963EC3EB4002CCE9759E2EBA541A873A
 |   |   |- Guid:63C90E6243594F3257EDA2BD5F94990A BaseClass:/Game/FHOU/BP_Collectable.BP_Collectable_C NativeClass:/Script/Engine.Actor Name:BP_Collectable_C_UAID_2CF05D891EB6E2C102_2063422085 Label:BP_Collectable5 SpatiallyLoaded:true EditorBounds:IsValid=true, Min=(X=1498.000 Y=3668.000 Z=28.000), Max=(X=1562.000 Y=3732.000 Z=92.000) RuntimeBounds:IsValid=true, Min=(X=1498.000 Y=3668.000 Z=28.000), Max=(X=1562.000 Y=3732.000 Z=92.000) RuntimeGrid:None EditorOnly:false RuntimeOnly:false HLODRelevant:false ListedInSceneOutliner:true IsMainWorldOnly:false
 |   |   |- Guid:6BAF4DDD444C60371492D3919DB42C97 NativeClass:/Script/Engine.WorldDataLayers Name:WorldDataLayers Label:WorldDataLayers SpatiallyLoaded:false EditorBounds:IsValid=true, Min=(X=0.000 Y=0.000 Z=0.000), Max=(X=0.000 Y=0.000 Z=0.000) RuntimeBounds:IsValid=true, Min=(X=0.000 Y=0.000 Z=0.000), Max=(X=0.000 Y=0.000 Z=0.000) RuntimeGrid:None EditorOnly:false RuntimeOnly:false HLODRelevant:false ListedInSceneOutliner:true IsMainWorldOnly:true
 |   |   |- Guid:76918A8A41A3DE84183DCE84769D33A9 NativeClass:/Script/Engine.StaticMeshActor Name:StaticMeshActor_UAID_BC0FF35D1E0F64BD02_1996105684 Label:SM_Cube2 SpatiallyLoaded:true EditorBounds:IsValid=true, Min=(X=3000.000 Y=0.000 Z=-50.000), Max=(X=6000.000 Y=3500.000 Z=0.000) RuntimeBounds:IsValid=true, Min=(X=3000.000 Y=0.000 Z=-50.000), Max=(X=6000.000 Y=3500.000 Z=0.000) RuntimeGrid:None EditorOnly:false RuntimeOnly:false HLODRelevant:true ListedInSceneOutliner:true IsMainWorldOnly:false FolderPath:Playground FolderGuid:C73F09FC4215536B1DCE2A9E0A830C70
 |   |   |- Guid:7C76441548D5EA1B94A307AD0302C89B BaseClass:/Game/FHOU/BP_Collectable.BP_Collectable_C NativeClass:/Script/Engine.Actor Name:BP_Collectable_C_UAID_2CF05D891EB6E2C102_2062084084 Label:BP_Collectable4 SpatiallyLoaded:true EditorBounds:IsValid=true, Min=(X=1498.000 Y=3528.000 Z=28.000), Max=(X=1562.000 Y=3592.000 Z=92.000) RuntimeBounds:IsValid=true, Min=(X=1498.000 Y=3528.000 Z=28.000), Max=(X=1562.000 Y=3592.000 Z=92.000) RuntimeGrid:None EditorOnly:false RuntimeOnly:false HLODRelevant:false ListedInSceneOutliner:true IsMainWorldOnly:false
 |   |   |- Guid:9AE7CD85437B8380F258E6A4FB00CD28 BaseClass:/Game/FHOU/BP_Collectable.BP_Collectable_C NativeClass:/Script/Engine.Actor Name:BP_Collectable_C_UAID_BC0FF35D1E0F77BD02_1699727029 Label:BP_Collectable3 SpatiallyLoaded:true EditorBounds:IsValid=true, Min=(X=1498.000 Y=3388.000 Z=28.000), Max=(X=1562.000 Y=3452.000 Z=92.000) RuntimeBounds:IsValid=true, Min=(X=1498.000 Y=3388.000 Z=28.000), Max=(X=1562.000 Y=3452.000 Z=92.000) RuntimeGrid:None EditorOnly:false RuntimeOnly:false HLODRelevant:false ListedInSceneOutliner:true IsMainWorldOnly:false
 |   |   |- Guid:A926C18247348D039007AB98E6BAA82B BaseClass:/Game/Inventory/BP_Collectable.BP_Collectable_C NativeClass:/Script/Engine.Actor Name:BP_Collectable_C_UAID_2CF05D891EB6EFC102_1949988377 Label:BP_Collectable9 SpatiallyLoaded:true EditorBounds:IsValid=true, Min=(X=1498.000 Y=3258.000 Z=28.000), Max=(X=1562.000 Y=3322.000 Z=92.000) RuntimeBounds:IsValid=true, Min=(X=1498.000 Y=3258.000 Z=28.000), Max=(X=1562.000 Y=3322.000 Z=92.000) RuntimeGrid:None EditorOnly:false RuntimeOnly:false HLODRelevant:false ListedInSceneOutliner:true IsMainWorldOnly:false
 |   |   |- Guid:B785ED2844B84CFB91E7F39FE661CD99 NativeClass:/Script/Engine.DirectionalLight Name:DirectionalLight_0 Label:DirectionalLight SpatiallyLoaded:false EditorBounds:IsValid=true, Min=(X=-1048576.000 Y=-1048576.000 Z=-1048576.000), Max=(X=1048576.000 Y=1048576.000 Z=1048576.000) RuntimeBounds:IsValid=true, Min=(X=-1048576.000 Y=-1048576.000 Z=-1048576.000), Max=(X=1048576.000 Y=1048576.000 Z=1048576.000) RuntimeGrid:None EditorOnly:false RuntimeOnly:false HLODRelevant:false ListedInSceneOutliner:true IsMainWorldOnly:false FolderPath:Lighting FolderGuid:963EC3EB4002CCE9759E2EBA541A873A
 |   |   |- Guid:CCFF262C46EEFFDF319E7F9539CE697E NativeClass:/Script/Engine.SkyAtmosphere Name:SkyAtmosphere_0 Label:SkyAtmosphere SpatiallyLoaded:false EditorBounds:IsValid=true, Min=(X=0.000 Y=0.000 Z=1020.000), Max=(X=0.000 Y=0.000 Z=1020.000) RuntimeBounds:IsValid=true, Min=(X=0.000 Y=0.000 Z=1020.000), Max=(X=0.000 Y=0.000 Z=1020.000) RuntimeGrid:None EditorOnly:false RuntimeOnly:false HLODRelevant:false ListedInSceneOutliner:true IsMainWorldOnly:false FolderPath:Lighting FolderGuid:963EC3EB4002CCE9759E2EBA541A873A
 |   |   |- Guid:DEBF6B1545A96F467F8FA1983BB5BD61 BaseClass:/Game/FHOU/BP_Collectable.BP_Collectable_C NativeClass:/Script/Engine.Actor Name:BP_Collectable_C_UAID_2CF05D891EB6E2C102_2066752087 Label:BP_Collectable7 SpatiallyLoaded:true EditorBounds:IsValid=true, Min=(X=1498.000 Y=3958.000 Z=28.000), Max=(X=1562.000 Y=4022.000 Z=92.000) RuntimeBounds:IsValid=true, Min=(X=1498.000 Y=3958.000 Z=28.000), Max=(X=1562.000 Y=4022.000 Z=92.000) RuntimeGrid:None EditorOnly:false RuntimeOnly:false HLODRelevant:false ListedInSceneOutliner:true IsMainWorldOnly:false
 |   |   |- Guid:EAFD1DCE4248DFC240712ABF3115A993 BaseClass:/Game/FHOU/BP_Collectable.BP_Collectable_C NativeClass:/Script/Engine.Actor Name:BP_Collectable_C_UAID_2CF05D891EB6E2C102_2065247086 Label:BP_Collectable6 SpatiallyLoaded:true EditorBounds:IsValid=true, Min=(X=1498.000 Y=3818.000 Z=28.000), Max=(X=1562.000 Y=3882.000 Z=92.000) RuntimeBounds:IsValid=true, Min=(X=1498.000 Y=3818.000 Z=28.000), Max=(X=1562.000 Y=3882.000 Z=92.000) RuntimeGrid:None EditorOnly:false RuntimeOnly:false HLODRelevant:false ListedInSceneOutliner:true IsMainWorldOnly:false
 |   |   |- Guid:EC4E0C944CE6AC6E784BC6BB2916EA13 NativeClass:/Script/Engine.StaticMeshActor Name:StaticMeshActor_UAID_A4AE111137DC5EFB00_1110535423 Label:SM_SkySphere SpatiallyLoaded:false EditorBounds:IsValid=true, Min=(X=-1638400.000 Y=-1638400.000 Z=-1638400.000), Max=(X=1638400.000 Y=1638400.000 Z=1638400.000) RuntimeBounds:IsValid=true, Min=(X=-1638400.000 Y=-1638400.000 Z=-1638400.000), Max=(X=1638400.000 Y=1638400.000 Z=1638400.000) RuntimeGrid:None EditorOnly:false RuntimeOnly:false HLODRelevant:false ListedInSceneOutliner:true IsMainWorldOnly:false FolderPath:Lighting FolderGuid:963EC3EB4002CCE9759E2EBA541A873A
 |   |   |- Guid:F1924B8D48954B30891B2DB6A694F9CC NativeClass:/Script/Engine.StaticMeshActor Name:StaticMeshActor_1 Label:SM_Cube SpatiallyLoaded:true EditorBounds:IsValid=true, Min=(X=0.000 Y=0.000 Z=-50.000), Max=(X=3000.000 Y=3500.000 Z=0.000) RuntimeBounds:IsValid=true, Min=(X=0.000 Y=0.000 Z=-50.000), Max=(X=3000.000 Y=3500.000 Z=0.000) RuntimeGrid:None EditorOnly:false RuntimeOnly:false HLODRelevant:true ListedInSceneOutliner:true IsMainWorldOnly:false FolderPath:Playground FolderGuid:C73F09FC4215536B1DCE2A9E0A830C70
 |   |   |- Guid:F5E3FEB3450C49844FD93DA8E083C8AD NativeClass:/Script/Engine.PostProcessVolume Name:PostProcessVolume_0 Label:PostProcessVolume SpatiallyLoaded:false EditorBounds:IsValid=true, Min=(X=0.000 Y=0.000 Z=400.000), Max=(X=200.000 Y=200.000 Z=600.000) RuntimeBounds:IsValid=true, Min=(X=0.000 Y=0.000 Z=400.000), Max=(X=200.000 Y=200.000 Z=600.000) RuntimeGrid:None EditorOnly:false RuntimeOnly:false HLODRelevant:false ListedInSceneOutliner:true IsMainWorldOnly:false FolderPath:Lighting FolderGuid:963EC3EB4002CCE9759E2EBA541A873A
 |   |- [+] Clusters:
 |   |   |- [+] [  0]
 |   |   |   |- Guid:1129850B44BCEA2CF01EAC95897AB534 NativeClass:/Script/Engine.StaticMeshActor Name:StaticMeshActor_UAID_BC0FF35D1E0F64BD02_2012811685 Label:SM_Cube3 SpatiallyLoaded:true EditorBounds:IsValid=true, Min=(X=0.000 Y=3500.000 Z=-50.000), Max=(X=3000.000 Y=7000.000 Z=0.000) RuntimeBounds:IsValid=true, Min=(X=0.000 Y=3500.000 Z=-50.000), Max=(X=3000.000 Y=7000.000 Z=0.000) RuntimeGrid:None EditorOnly:false RuntimeOnly:false HLODRelevant:true ListedInSceneOutliner:true IsMainWorldOnly:false FolderPath:Playground FolderGuid:C73F09FC4215536B1DCE2A9E0A830C70
 |   |   |- [+] [  1]
 |   |   |   |- Guid:1C904C2D49899237401CA58477C87F58 NativeClass:/Script/Engine.StaticMeshActor Name:StaticMeshActor_UAID_BC0FF35D1E0F64BD02_2012813686 Label:SM_Cube4 SpatiallyLoaded:true EditorBounds:IsValid=true, Min=(X=3000.000 Y=3500.000 Z=-50.000), Max=(X=6000.000 Y=7000.000 Z=0.000) RuntimeBounds:IsValid=true, Min=(X=3000.000 Y=3500.000 Z=-50.000), Max=(X=6000.000 Y=7000.000 Z=0.000) RuntimeGrid:None EditorOnly:false RuntimeOnly:false HLODRelevant:true ListedInSceneOutliner:true IsMainWorldOnly:false FolderPath:Playground FolderGuid:C73F09FC4215536B1DCE2A9E0A830C70
 |   |   |- [+] [  2]
 |   |   |   |- Guid:2FB58999456391D349DC0F86DAC136ED NativeClass:/Script/Engine.SkyLight Name:SkyLight_1 Label:SkyLight SpatiallyLoaded:false EditorBounds:IsValid=true, Min=(X=0.000 Y=0.000 Z=690.000), Max=(X=0.000 Y=0.000 Z=690.000) RuntimeBounds:IsValid=true, Min=(X=0.000 Y=0.000 Z=690.000), Max=(X=0.000 Y=0.000 Z=690.000) RuntimeGrid:None EditorOnly:false RuntimeOnly:false HLODRelevant:false ListedInSceneOutliner:true IsMainWorldOnly:false FolderPath:Lighting FolderGuid:963EC3EB4002CCE9759E2EBA541A873A
 |   |   |- [+] [  3]
 |   |   |   |- Guid:316CF2A6494ACA4C0E4180A87D36AB8F NativeClass:/Script/Engine.ExponentialHeightFog Name:ExponentialHeightFog_0 Label:ExponentialHeightFog SpatiallyLoaded:false EditorBounds:IsValid=true, Min=(X=-5600.000 Y=-50.000 Z=-6850.000), Max=(X=-5600.000 Y=-50.000 Z=-6850.000) RuntimeBounds:IsValid=true, Min=(X=-5600.000 Y=-50.000 Z=-6850.000), Max=(X=-5600.000 Y=-50.000 Z=-6850.000) RuntimeGrid:None EditorOnly:false RuntimeOnly:false HLODRelevant:false ListedInSceneOutliner:true IsMainWorldOnly:false FolderPath:Lighting FolderGuid:963EC3EB4002CCE9759E2EBA541A873A
 |   |   |- [+] [  4]
 |   |   |   |- Guid:3A00AA1C422CE54C0BDB60BAF471BFBB NativeClass:/Script/Engine.PlayerStart Name:PlayerStart_0 Label:PlayerStart SpatiallyLoaded:false EditorBounds:IsValid=true, Min=(X=932.000 Y=3362.000 Z=-15.987), Max=(X=1300.000 Y=3618.000 Z=240.013) RuntimeBounds:IsValid=true, Min=(X=1020.000 Y=3450.000 Z=20.013), Max=(X=1100.000 Y=3530.000 Z=204.013) RuntimeGrid:None EditorOnly:false RuntimeOnly:false HLODRelevant:false ListedInSceneOutliner:true IsMainWorldOnly:false
 |   |   |- [+] [  5]
 |   |   |   |- Guid:3F3DB5B744AF92573B92E6BB2054650B BaseClass:/Game/FHOU/BP_Collectable.BP_Collectable_C NativeClass:/Script/Engine.Actor Name:BP_Collectable_C_UAID_2CF05D891EB6E2C102_2068343088 Label:BP_Collectable8 SpatiallyLoaded:true EditorBounds:IsValid=true, Min=(X=1498.000 Y=4078.000 Z=28.000), Max=(X=1562.000 Y=4142.000 Z=92.000) RuntimeBounds:IsValid=true, Min=(X=1498.000 Y=4078.000 Z=28.000), Max=(X=1562.000 Y=4142.000 Z=92.000) RuntimeGrid:None EditorOnly:false RuntimeOnly:false HLODRelevant:false ListedInSceneOutliner:true IsMainWorldOnly:false
 |   |   |- [+] [  6]
 |   |   |   |- Guid:4D3BE93F4146AAAC8BBE79999D96D57F NativeClass:/Script/Engine.VolumetricCloud Name:VolumetricCloud_0 Label:VolumetricCloud SpatiallyLoaded:false EditorBounds:IsValid=true, Min=(X=0.000 Y=0.000 Z=820.000), Max=(X=0.000 Y=0.000 Z=820.000) RuntimeBounds:IsValid=true, Min=(X=0.000 Y=0.000 Z=820.000), Max=(X=0.000 Y=0.000 Z=820.000) RuntimeGrid:None EditorOnly:false RuntimeOnly:false HLODRelevant:false ListedInSceneOutliner:true IsMainWorldOnly:false FolderPath:Lighting FolderGuid:963EC3EB4002CCE9759E2EBA541A873A
 |   |   |- [+] [  7]
 |   |   |   |- Guid:63C90E6243594F3257EDA2BD5F94990A BaseClass:/Game/FHOU/BP_Collectable.BP_Collectable_C NativeClass:/Script/Engine.Actor Name:BP_Collectable_C_UAID_2CF05D891EB6E2C102_2063422085 Label:BP_Collectable5 SpatiallyLoaded:true EditorBounds:IsValid=true, Min=(X=1498.000 Y=3668.000 Z=28.000), Max=(X=1562.000 Y=3732.000 Z=92.000) RuntimeBounds:IsValid=true, Min=(X=1498.000 Y=3668.000 Z=28.000), Max=(X=1562.000 Y=3732.000 Z=92.000) RuntimeGrid:None EditorOnly:false RuntimeOnly:false HLODRelevant:false ListedInSceneOutliner:true IsMainWorldOnly:false
 |   |   |- [+] [  8]
 |   |   |   |- Guid:6BAF4DDD444C60371492D3919DB42C97 NativeClass:/Script/Engine.WorldDataLayers Name:WorldDataLayers Label:WorldDataLayers SpatiallyLoaded:false EditorBounds:IsValid=true, Min=(X=0.000 Y=0.000 Z=0.000), Max=(X=0.000 Y=0.000 Z=0.000) RuntimeBounds:IsValid=true, Min=(X=0.000 Y=0.000 Z=0.000), Max=(X=0.000 Y=0.000 Z=0.000) RuntimeGrid:None EditorOnly:false RuntimeOnly:false HLODRelevant:false ListedInSceneOutliner:true IsMainWorldOnly:true
 |   |   |- [+] [  9]
 |   |   |   |- Guid:76918A8A41A3DE84183DCE84769D33A9 NativeClass:/Script/Engine.StaticMeshActor Name:StaticMeshActor_UAID_BC0FF35D1E0F64BD02_1996105684 Label:SM_Cube2 SpatiallyLoaded:true EditorBounds:IsValid=true, Min=(X=3000.000 Y=0.000 Z=-50.000), Max=(X=6000.000 Y=3500.000 Z=0.000) RuntimeBounds:IsValid=true, Min=(X=3000.000 Y=0.000 Z=-50.000), Max=(X=6000.000 Y=3500.000 Z=0.000) RuntimeGrid:None EditorOnly:false RuntimeOnly:false HLODRelevant:true ListedInSceneOutliner:true IsMainWorldOnly:false FolderPath:Playground FolderGuid:C73F09FC4215536B1DCE2A9E0A830C70
 |   |   |- [+] [ 10]
 |   |   |   |- Guid:7C76441548D5EA1B94A307AD0302C89B BaseClass:/Game/FHOU/BP_Collectable.BP_Collectable_C NativeClass:/Script/Engine.Actor Name:BP_Collectable_C_UAID_2CF05D891EB6E2C102_2062084084 Label:BP_Collectable4 SpatiallyLoaded:true EditorBounds:IsValid=true, Min=(X=1498.000 Y=3528.000 Z=28.000), Max=(X=1562.000 Y=3592.000 Z=92.000) RuntimeBounds:IsValid=true, Min=(X=1498.000 Y=3528.000 Z=28.000), Max=(X=1562.000 Y=3592.000 Z=92.000) RuntimeGrid:None EditorOnly:false RuntimeOnly:false HLODRelevant:false ListedInSceneOutliner:true IsMainWorldOnly:false
 |   |   |- [+] [ 11]
 |   |   |   |- Guid:9AE7CD85437B8380F258E6A4FB00CD28 BaseClass:/Game/FHOU/BP_Collectable.BP_Collectable_C NativeClass:/Script/Engine.Actor Name:BP_Collectable_C_UAID_BC0FF35D1E0F77BD02_1699727029 Label:BP_Collectable3 SpatiallyLoaded:true EditorBounds:IsValid=true, Min=(X=1498.000 Y=3388.000 Z=28.000), Max=(X=1562.000 Y=3452.000 Z=92.000) RuntimeBounds:IsValid=true, Min=(X=1498.000 Y=3388.000 Z=28.000), Max=(X=1562.000 Y=3452.000 Z=92.000) RuntimeGrid:None EditorOnly:false RuntimeOnly:false HLODRelevant:false ListedInSceneOutliner:true IsMainWorldOnly:false
 |   |   |- [+] [ 12]
 |   |   |   |- Guid:A926C18247348D039007AB98E6BAA82B BaseClass:/Game/Inventory/BP_Collectable.BP_Collectable_C NativeClass:/Script/Engine.Actor Name:BP_Collectable_C_UAID_2CF05D891EB6EFC102_1949988377 Label:BP_Collectable9 SpatiallyLoaded:true EditorBounds:IsValid=true, Min=(X=1498.000 Y=3258.000 Z=28.000), Max=(X=1562.000 Y=3322.000 Z=92.000) RuntimeBounds:IsValid=true, Min=(X=1498.000 Y=3258.000 Z=28.000), Max=(X=1562.000 Y=3322.000 Z=92.000) RuntimeGrid:None EditorOnly:false RuntimeOnly:false HLODRelevant:false ListedInSceneOutliner:true IsMainWorldOnly:false
 |   |   |- [+] [ 13]
 |   |   |   |- Guid:B785ED2844B84CFB91E7F39FE661CD99 NativeClass:/Script/Engine.DirectionalLight Name:DirectionalLight_0 Label:DirectionalLight SpatiallyLoaded:false EditorBounds:IsValid=true, Min=(X=-1048576.000 Y=-1048576.000 Z=-1048576.000), Max=(X=1048576.000 Y=1048576.000 Z=1048576.000) RuntimeBounds:IsValid=true, Min=(X=-1048576.000 Y=-1048576.000 Z=-1048576.000), Max=(X=1048576.000 Y=1048576.000 Z=1048576.000) RuntimeGrid:None EditorOnly:false RuntimeOnly:false HLODRelevant:false ListedInSceneOutliner:true IsMainWorldOnly:false FolderPath:Lighting FolderGuid:963EC3EB4002CCE9759E2EBA541A873A
 |   |   |- [+] [ 14]
 |   |   |   |- Guid:CCFF262C46EEFFDF319E7F9539CE697E NativeClass:/Script/Engine.SkyAtmosphere Name:SkyAtmosphere_0 Label:SkyAtmosphere SpatiallyLoaded:false EditorBounds:IsValid=true, Min=(X=0.000 Y=0.000 Z=1020.000), Max=(X=0.000 Y=0.000 Z=1020.000) RuntimeBounds:IsValid=true, Min=(X=0.000 Y=0.000 Z=1020.000), Max=(X=0.000 Y=0.000 Z=1020.000) RuntimeGrid:None EditorOnly:false RuntimeOnly:false HLODRelevant:false ListedInSceneOutliner:true IsMainWorldOnly:false FolderPath:Lighting FolderGuid:963EC3EB4002CCE9759E2EBA541A873A
 |   |   |- [+] [ 15]
 |   |   |   |- Guid:DEBF6B1545A96F467F8FA1983BB5BD61 BaseClass:/Game/FHOU/BP_Collectable.BP_Collectable_C NativeClass:/Script/Engine.Actor Name:BP_Collectable_C_UAID_2CF05D891EB6E2C102_2066752087 Label:BP_Collectable7 SpatiallyLoaded:true EditorBounds:IsValid=true, Min=(X=1498.000 Y=3958.000 Z=28.000), Max=(X=1562.000 Y=4022.000 Z=92.000) RuntimeBounds:IsValid=true, Min=(X=1498.000 Y=3958.000 Z=28.000), Max=(X=1562.000 Y=4022.000 Z=92.000) RuntimeGrid:None EditorOnly:false RuntimeOnly:false HLODRelevant:false ListedInSceneOutliner:true IsMainWorldOnly:false
 |   |   |- [+] [ 16]
 |   |   |   |- Guid:EAFD1DCE4248DFC240712ABF3115A993 BaseClass:/Game/FHOU/BP_Collectable.BP_Collectable_C NativeClass:/Script/Engine.Actor Name:BP_Collectable_C_UAID_2CF05D891EB6E2C102_2065247086 Label:BP_Collectable6 SpatiallyLoaded:true EditorBounds:IsValid=true, Min=(X=1498.000 Y=3818.000 Z=28.000), Max=(X=1562.000 Y=3882.000 Z=92.000) RuntimeBounds:IsValid=true, Min=(X=1498.000 Y=3818.000 Z=28.000), Max=(X=1562.000 Y=3882.000 Z=92.000) RuntimeGrid:None EditorOnly:false RuntimeOnly:false HLODRelevant:false ListedInSceneOutliner:true IsMainWorldOnly:false
 |   |   |- [+] [ 17]
 |   |   |   |- Guid:EC4E0C944CE6AC6E784BC6BB2916EA13 NativeClass:/Script/Engine.StaticMeshActor Name:StaticMeshActor_UAID_A4AE111137DC5EFB00_1110535423 Label:SM_SkySphere SpatiallyLoaded:false EditorBounds:IsValid=true, Min=(X=-1638400.000 Y=-1638400.000 Z=-1638400.000), Max=(X=1638400.000 Y=1638400.000 Z=1638400.000) RuntimeBounds:IsValid=true, Min=(X=-1638400.000 Y=-1638400.000 Z=-1638400.000), Max=(X=1638400.000 Y=1638400.000 Z=1638400.000) RuntimeGrid:None EditorOnly:false RuntimeOnly:false HLODRelevant:false ListedInSceneOutliner:true IsMainWorldOnly:false FolderPath:Lighting FolderGuid:963EC3EB4002CCE9759E2EBA541A873A
 |   |   |- [+] [ 18]
 |   |   |   |- Guid:F1924B8D48954B30891B2DB6A694F9CC NativeClass:/Script/Engine.StaticMeshActor Name:StaticMeshActor_1 Label:SM_Cube SpatiallyLoaded:true EditorBounds:IsValid=true, Min=(X=0.000 Y=0.000 Z=-50.000), Max=(X=3000.000 Y=3500.000 Z=0.000) RuntimeBounds:IsValid=true, Min=(X=0.000 Y=0.000 Z=-50.000), Max=(X=3000.000 Y=3500.000 Z=0.000) RuntimeGrid:None EditorOnly:false RuntimeOnly:false HLODRelevant:true ListedInSceneOutliner:true IsMainWorldOnly:false FolderPath:Playground FolderGuid:C73F09FC4215536B1DCE2A9E0A830C70
 |   |   |- [+] [ 19]
 |   |   |   |- Guid:F5E3FEB3450C49844FD93DA8E083C8AD NativeClass:/Script/Engine.PostProcessVolume Name:PostProcessVolume_0 Label:PostProcessVolume SpatiallyLoaded:false EditorBounds:IsValid=true, Min=(X=0.000 Y=0.000 Z=400.000), Max=(X=200.000 Y=200.000 Z=600.000) RuntimeBounds:IsValid=true, Min=(X=0.000 Y=0.000 Z=400.000), Max=(X=200.000 Y=200.000 Z=600.000) RuntimeGrid:None EditorOnly:false RuntimeOnly:false HLODRelevant:false ListedInSceneOutliner:true IsMainWorldOnly:false FolderPath:Lighting FolderGuid:963EC3EB4002CCE9759E2EBA541A873A
 |- ContainerInstances:
 |- [+] MainContainer:
 |   |-        ID: 00000000000000000000000000000000
 |   |-  ParentID: 00000000000000000000000000000000
 |   |-    Bounds: IsValid=false, Min=(X=0.000 Y=0.000 Z=0.000), Max=(X=0.000 Y=0.000 Z=0.000)
 |   |- Transform: 0.000000,0.000000,0.000000|0.000000,0.000000,-0.000000|1.000000,1.000000,1.000000
 |   |- Container: /Game/ThirdPerson/Maps/ThirdPersonMap
----------------------------------------------------------------------------------------------------------------
ThirdPersonMap - Persistent Level
----------------------------------------------------------------------------------------------------------------
[+] Content of ThirdPersonMap Persistent Level
 |- Always loaded Actor Count: 20 
 |- Actor Path: /Game/ThirdPerson/Maps/ThirdPersonMap.ThirdPersonMap:PersistentLevel.BP_Collectable_C_UAID_2CF05D891EB6E2C102_2062084084
 |- Actor Package: /Game/__ExternalActors__/ThirdPerson/Maps/ThirdPersonMap/8/6I/D0EF00NIWPF5JU5A2WXJIX
 |- Actor Path: /Game/ThirdPerson/Maps/ThirdPersonMap.ThirdPersonMap:PersistentLevel.BP_Collectable_C_UAID_2CF05D891EB6E2C102_2063422085
 |- Actor Package: /Game/__ExternalActors__/ThirdPerson/Maps/ThirdPersonMap/B/BF/LPBT61FO03TWA1RP8AWFSL
 |- Actor Path: /Game/ThirdPerson/Maps/ThirdPersonMap.ThirdPersonMap:PersistentLevel.BP_Collectable_C_UAID_2CF05D891EB6E2C102_2065247086
 |- Actor Package: /Game/__ExternalActors__/ThirdPerson/Maps/ThirdPersonMap/9/KO/O48IT1ANBR113EKIO017RD
 |- Actor Path: /Game/ThirdPerson/Maps/ThirdPersonMap.ThirdPersonMap:PersistentLevel.BP_Collectable_C_UAID_2CF05D891EB6E2C102_2066752087
 |- Actor Package: /Game/__ExternalActors__/ThirdPerson/Maps/ThirdPersonMap/2/H9/G6DISOGBNHOB4N8CGWEKJB
 |- Actor Path: /Game/ThirdPerson/Maps/ThirdPersonMap.ThirdPersonMap:PersistentLevel.BP_Collectable_C_UAID_2CF05D891EB6E2C102_2068343088
 |- Actor Package: /Game/__ExternalActors__/ThirdPerson/Maps/ThirdPersonMap/0/L6/YBDC6YUCRVC3K3CQNEWHKX
 |- Actor Path: /Game/ThirdPerson/Maps/ThirdPersonMap.ThirdPersonMap:PersistentLevel.BP_Collectable_C_UAID_2CF05D891EB6EFC102_1949988377
 |- Actor Package: /Game/__ExternalActors__/ThirdPerson/Maps/ThirdPersonMap/1/CI/7GNUSR3473I98SL3R49IHQ
 |- Actor Path: /Game/ThirdPerson/Maps/ThirdPersonMap.ThirdPersonMap:PersistentLevel.BP_Collectable_C_UAID_BC0FF35D1E0F77BD02_1699727029
 |- Actor Package: /Game/__ExternalActors__/ThirdPerson/Maps/ThirdPersonMap/4/81/75UA2FDFY22EFMZE35264S
 |- Actor Path: /Game/ThirdPerson/Maps/ThirdPersonMap.ThirdPersonMap:PersistentLevel.DirectionalLight_0
 |- Actor Package: /Game/__ExternalActors__/ThirdPerson/Maps/ThirdPersonMap/5/R1/TS5OQ5CRUWFZYL1ZQ7I416
 |- Actor Path: /Game/ThirdPerson/Maps/ThirdPersonMap.ThirdPersonMap:PersistentLevel.ExponentialHeightFog_0
 |- Actor Package: /Game/__ExternalActors__/ThirdPerson/Maps/ThirdPersonMap/6/J7/N10XDC9G27EMLS5AGZ6AVV
 |- Actor Path: /Game/ThirdPerson/Maps/ThirdPersonMap.ThirdPersonMap:PersistentLevel.PlayerStart_0
 |- Actor Package: /Game/__ExternalActors__/ThirdPerson/Maps/ThirdPersonMap/D/DE/SWSI13675DVYIZ0N4NF7Y3
 |- Actor Path: /Game/ThirdPerson/Maps/ThirdPersonMap.ThirdPersonMap:PersistentLevel.PostProcessVolume_0
 |- Actor Package: /Game/__ExternalActors__/ThirdPerson/Maps/ThirdPersonMap/1/AZ/A7GPT109Y6ZTTJD4A7TXER
 |- Actor Path: /Game/ThirdPerson/Maps/ThirdPersonMap.ThirdPersonMap:PersistentLevel.SkyAtmosphere_0
 |- Actor Package: /Game/__ExternalActors__/ThirdPerson/Maps/ThirdPersonMap/4/LN/30UBDLYFFA5ZR7U4W4L4GG
 |- Actor Path: /Game/ThirdPerson/Maps/ThirdPersonMap.ThirdPersonMap:PersistentLevel.SkyLight_1
 |- Actor Package: /Game/__ExternalActors__/ThirdPerson/Maps/ThirdPersonMap/8/S1/DXUWD12MD3HRWVVXX076BY
 |- Actor Path: /Game/ThirdPerson/Maps/ThirdPersonMap.ThirdPersonMap:PersistentLevel.StaticMeshActor_1
 |- Actor Package: /Game/__ExternalActors__/ThirdPerson/Maps/ThirdPersonMap/6/YO/NG2R9BPZVA7ZDN0Z4VSTG6
 |- Actor Path: /Game/ThirdPerson/Maps/ThirdPersonMap.ThirdPersonMap:PersistentLevel.StaticMeshActor_UAID_A4AE111137DC5EFB00_1110535423
 |- Actor Package: /Game/__ExternalActors__/ThirdPerson/Maps/ThirdPersonMap/4/PN/2QISIGK5DJNQ05US8O8FXW
 |- Actor Path: /Game/ThirdPerson/Maps/ThirdPersonMap.ThirdPersonMap:PersistentLevel.StaticMeshActor_UAID_BC0FF35D1E0F64BD02_1996105684
 |- Actor Package: /Game/__ExternalActors__/ThirdPerson/Maps/ThirdPersonMap/A/N8/T8HIW4T4342H9UDYHPR07Q
 |- Actor Path: /Game/ThirdPerson/Maps/ThirdPersonMap.ThirdPersonMap:PersistentLevel.StaticMeshActor_UAID_BC0FF35D1E0F64BD02_2012811685
 |- Actor Package: /Game/__ExternalActors__/ThirdPerson/Maps/ThirdPersonMap/A/MA/VZIB1W575REIWAZBG0YQJA
 |- Actor Path: /Game/ThirdPerson/Maps/ThirdPersonMap.ThirdPersonMap:PersistentLevel.StaticMeshActor_UAID_BC0FF35D1E0F64BD02_2012813686
 |- Actor Package: /Game/__ExternalActors__/ThirdPerson/Maps/ThirdPersonMap/0/29/LKPKV9ILFUOSLVZXTLVQ5F
 |- Actor Path: /Game/ThirdPerson/Maps/ThirdPersonMap.ThirdPersonMap:PersistentLevel.VolumetricCloud_0
 |- Actor Package: /Game/__ExternalActors__/ThirdPerson/Maps/ThirdPersonMap/3/EY/87SHEJN5UBEAN2K5OV1G6R
 |- Actor Path: /Game/ThirdPerson/Maps/ThirdPersonMap.ThirdPersonMap:PersistentLevel.WorldDataLayers
 |- Actor Package: /Game/__ExternalActors__/ThirdPerson/Maps/ThirdPersonMap/0/43/HYQWORMY4JDQ5X3OKZXFLC

----------------------------------------------------------------------------------------------------------------
ThirdPersonMap - Runtime Hash Set
----------------------------------------------------------------------------------------------------------------

